../MCAL/USART/USART.c:38:6:USART_init	32	static
../MCAL/USART/USART.c:98:6:USART_DeInit	16	static
../MCAL/USART/USART.c:121:6:USART_SetPins	24	static
../MCAL/USART/USART.c:229:6:USART_Send	32	static
../MCAL/USART/USART.c:254:8:USART_Recieve	24	static
../MCAL/USART/USART.c:300:6:USART_Wait_TC	16	static
../MCAL/USART/USART.c:311:6:USART_SendString	24	static
../MCAL/USART/USART.c:323:6:USART_ReceiveString	24	static
../MCAL/USART/USART.c:340:6:USART1_IRQHandler	8	static
../MCAL/USART/USART.c:343:6:USART2_IRQHandler	8	static
../MCAL/USART/USART.c:346:6:USART3_IRQHandler	8	static
