../MCAL/EXTI/EXTI.c:21:6:EXTI0_IRQHandler	8	static
../MCAL/EXTI/EXTI.c:25:6:EXTI1_IRQHandler	8	static
../MCAL/EXTI/EXTI.c:29:6:EXTI2_IRQHandler	8	static
../MCAL/EXTI/EXTI.c:33:6:EXTI3_IRQHandler	8	static
../MCAL/EXTI/EXTI.c:37:6:EXTI4_IRQHandler	8	static
../MCAL/EXTI/EXTI.c:41:6:EXTI9_5_IRQHandler	8	static
../MCAL/EXTI/EXTI.c:59:6:EXTI15_10_IRQHandler	8	static
../MCAL/EXTI/EXTI.c:95:6:Update_EXTI	32	static
../MCAL/EXTI/EXTI.c:168:6:EXTI_init	16	static
../MCAL/EXTI/EXTI.c:171:6:EXTI_Update	16	static
../MCAL/EXTI/EXTI.c:182:6:EXTI_deInit	8	static
