../HAL/OLED/OLED.c:30:6:oled_ScrollRight	16	static
../HAL/OLED/OLED.c:43:6:oled_ScrollLeft	16	static
../HAL/OLED/OLED.c:56:6:oled_Scrolldiagright	16	static
../HAL/OLED/OLED.c:72:6:oled_Scrolldiagleft	16	static
../HAL/OLED/OLED.c:88:6:oled_Stopscroll	8	static
../HAL/OLED/OLED.c:95:6:oled_InvertDisplay	16	static
../HAL/OLED/OLED.c:104:6:oled_DrawBitmap	32	static
../HAL/OLED/OLED.c:129:7:oled_Init	16	static
../HAL/OLED/OLED.c:187:6:oled_UpdateScreen	16	static
../HAL/OLED/OLED.c:200:6:oled_ToggleInvert	16	static
../HAL/OLED/OLED.c:212:6:oled_Fill	16	static
../HAL/OLED/OLED.c:217:6:oled_DrawPixel	16	static
../HAL/OLED/OLED.c:239:6:oled_GotoXY	16	static
../HAL/OLED/OLED.c:245:6:oled_writeChar	32	static
../HAL/OLED/OLED.c:276:6:oled_writeString	24	static
../HAL/OLED/OLED.c:294:6:oled_DrawLine	40	static
../HAL/OLED/OLED.c:378:6:oled_DrawRectangle	32	static
../HAL/OLED/OLED.c:403:6:oled_DrawFilledRectangle	40	static
../HAL/OLED/OLED.c:430:6:oled_DrawTriangle	32	static
../HAL/OLED/OLED.c:438:6:oled_DrawFilledTriangle	64	static
../HAL/OLED/OLED.c:494:6:oled_DrawCircle	40	static
../HAL/OLED/OLED.c:528:6:oled_DrawFilledCircle	48	static
../HAL/OLED/OLED.c:561:6:oled_Clear	8	static
../HAL/OLED/OLED.c:566:6:oled_ON	8	static
../HAL/OLED/OLED.c:571:6:oled_OFF	8	static
../HAL/OLED/OLED.c:587:6:oled_I2C_Init	40	static
../HAL/OLED/OLED.c:606:6:oled_I2C_WriteMulti	296	static
../HAL/OLED/OLED.c:617:6:oled_I2C_Write	32	static
